// Jest Snapshot v1, https://goo.gl/fbAQLP

exports[`Renders basic CSVReader 1`] = `
<div
  className="csv-reader-input"
>
  <input
    accept=".csv, text/csv"
    className="csv-input"
    id={null}
    onChange={[Function]}
    style={Object {}}
    type="file"
  />
</div>
`;
